// Jest Snapshot v1, https://goo.gl/fbAQLP

exports[`Should render ListItem 1`] = `
<Link
  className="list-item"
  replace={false}
  to="/edit/1"
>
  <div>
    <h3
      className="list-item__title"
    >
      cafe
    </h3>
    <span
      className="list-item__subtitle"
    >
      31 December 1969
    </span>
  </div>
  <h3
    className="list-item__data"
  >
    $100
  </h3>
</Link>
`;
